// Vitest Snapshot v1, https://vitest.dev/guide/snapshot.html

exports[`DetailedStats > matches snapshot 1`] = `
<DocumentFragment>
  <p
    class="warnings"
  >
    Loading...
  </p>
</DocumentFragment>
`;
